AR mux behavioral C:/Users/utp/Documents/Procesador_4/Procesador_4/MUX.vhd sub00/vhpl08 1493943438
EN psr NULL C:/Users/Daniel/Desktop/Procesador_4/Procesador_4/pSR.vhd sub00/vhpl20 1494116913
EN seu NULL C:/Users/utp/Documents/Procesador_4/Procesador_4/SEU.vhd sub00/vhpl11 1493943431
AR procesadorunion behavioral C:/Users/utp/Documents/Procesador_4/Procesador_4/procesadorUnion.vhd sub00/vhpl19 1493943442
AR im behavioral C:/Users/Daniel/Desktop/Procesador_4/Procesador_4/IM.vhd sub00/vhpl15 1494119762
EN procesadorunion NULL C:/Users/utp/Documents/Procesador_4/Procesador_4/procesadorUnion.vhd sub00/vhpl18 1493943441
AR npc behavioral C:/Users/utp/Documents/Procesador_4/Procesador_4/nPC.vhd sub00/vhpl01 1493943422
EN im NULL C:/Users/Daniel/Desktop/Procesador_4/Procesador_4/IM.vhd sub00/vhpl02 1494119761
AR seu behavioral C:/Users/utp/Documents/Procesador_4/Procesador_4/SEU.vhd sub00/vhpl12 1493943432
AR suma behavioral C:/Users/utp/Desktop/Procesador_2/Procesador_2/Suma.vhd sub00/vhpl06 1491513577
EN windows_manager NULL C:/Users/Daniel/Desktop/Procesador_4/Procesador_4/windows_Manager.vhd sub00/vhpl26 1494119205
AR sumador behavioral C:/Users/utp/Documents/Procesador_4/Procesador_4/Suma.vhd sub00/vhpl17 1493943420
AR modifier_psr behavioral C:/Users/Daniel/Desktop/Procesador_3/Procesador_2/modifier_PSR.vhd sub00/vhpl23 1492903703
EN modifierpsr NULL C:/Users/utp/Documents/Procesador_4/Procesador_4/modifierPSR.vhd sub00/vhpl24 1493943433
AR uc behavioral C:/Users/utp/Documents/Procesador_4/Procesador_4/UC.vhd sub00/vhpl10 1493943428
EN uc NULL C:/Users/utp/Documents/Procesador_4/Procesador_4/UC.vhd sub00/vhpl09 1493943427
AR psr behavioral C:/Users/Daniel/Desktop/Procesador_4/Procesador_4/pSR.vhd sub00/vhpl21 1494116914
AR modifierpsr behavioral C:/Users/utp/Documents/Procesador_4/Procesador_4/modifierPSR.vhd sub00/vhpl25 1493943434
EN npc NULL C:/Users/utp/Documents/Procesador_4/Procesador_4/nPC.vhd sub00/vhpl00 1493943421
AR windows_manager behavioral C:/Users/Daniel/Desktop/Procesador_4/Procesador_4/windows_Manager.vhd sub00/vhpl27 1494119206
EN mux NULL C:/Users/utp/Documents/Procesador_4/Procesador_4/MUX.vhd sub00/vhpl07 1493943437
AR registerfile behavioral C:/Users/utp/Documents/Procesador_4/Procesador_4/RegisterFile.vhd sub00/vhpl04 1493943430
AR alu behavioral C:/Users/Daniel/Desktop/Procesador_4/Procesador_4/ALU.vhd sub00/vhpl14 1494117174
EN sumador NULL C:/Users/utp/Documents/Procesador_4/Procesador_4/Suma.vhd sub00/vhpl16 1493943419
EN modifier_psr NULL C:/Users/Daniel/Desktop/Procesador_3/Procesador_2/modifier_PSR.vhd sub00/vhpl22 1492903702
EN suma NULL C:/Users/utp/Desktop/Procesador_2/Procesador_2/Suma.vhd sub00/vhpl05 1491513576
EN registerfile NULL C:/Users/utp/Documents/Procesador_4/Procesador_4/RegisterFile.vhd sub00/vhpl03 1493943429
EN alu NULL C:/Users/Daniel/Desktop/Procesador_4/Procesador_4/ALU.vhd sub00/vhpl13 1494117173
