V3 111
FL C:/Users/Daniel/Desktop/Procesador_2/Procesador_2/ALU.vhd 2017/04/09.22:32:37 P.20131013
FL C:/Users/Daniel/Desktop/Procesador_2/Procesador_2/IM.vhd 2017/04/09.22:32:58 P.20131013
FL C:/Users/Daniel/Desktop/Procesador_2/Procesador_2/MUX.vhd 2017/04/09.22:32:22 P.20131013
FL C:/Users/Daniel/Desktop/Procesador_2/Procesador_2/nPC.vhd 2017/04/06.19:10:13 P.20131013
FL C:/Users/Daniel/Desktop/Procesador_2/Procesador_2/procesadorUnion.vhd 2017/04/10.15:00:42 P.20131013
FL C:/Users/Daniel/Desktop/Procesador_2/Procesador_2/RegisterFile.vhd 2017/04/09.22:32:02 P.20131013
FL C:/Users/Daniel/Desktop/Procesador_2/Procesador_2/SEU.vhd 2017/04/09.22:31:39 P.20131013
FL C:/Users/Daniel/Desktop/Procesador_2/Procesador_2/Suma.vhd 2017/04/06.19:39:38 P.20131013
FL C:/Users/Daniel/Desktop/Procesador_2/Procesador_2/UC.vhd 2017/04/06.18:47:01 P.20131013
FL C:/Users/Daniel/Desktop/Procesador_3/Procesador_2/ALU.vhd 2017/04/22.18:13:23 P.20131013
FL C:/Users/Daniel/Desktop/Procesador_3/Procesador_2/IM.vhd 2017/04/18.18:30:03 P.20131013
FL C:/Users/Daniel/Desktop/Procesador_3/Procesador_2/modifierPSR.vhd 2017/04/22.18:42:24 P.20131013
FL C:/Users/Daniel/Desktop/Procesador_3/Procesador_2/modifier_PSR.vhd 2017/04/22.18:30:22 P.20131013
AR work/modifier_PSR/Behavioral 1492903703 \
      FL C:/Users/Daniel/Desktop/Procesador_3/Procesador_2/modifier_PSR.vhd \
      EN work/modifier_PSR 1492903702
FL C:/Users/Daniel/Desktop/Procesador_3/Procesador_2/MUX.vhd 2017/04/09.22:32:22 P.20131013
FL C:/Users/Daniel/Desktop/Procesador_3/Procesador_2/nPC.vhd 2017/04/18.15:55:40 P.20131013
FL C:/Users/Daniel/Desktop/Procesador_3/Procesador_2/procesadorUnion.vhd 2017/04/22.19:03:02 P.20131013
FL C:/Users/Daniel/Desktop/Procesador_3/Procesador_2/pSR.vhd 2017/04/22.18:02:03 P.20131013
FL C:/Users/Daniel/Desktop/Procesador_3/Procesador_2/RegisterFile.vhd 2017/04/18.18:00:20 P.20131013
FL C:/Users/Daniel/Desktop/Procesador_3/Procesador_2/SEU.vhd 2017/04/09.22:31:39 P.20131013
FL C:/Users/Daniel/Desktop/Procesador_3/Procesador_2/Suma.vhd 2017/04/06.19:39:38 P.20131013
FL C:/Users/Daniel/Desktop/Procesador_3/Procesador_2/UC.vhd 2017/04/22.18:05:49 P.20131013
FL C:/Users/Daniel/Desktop/Procesador_3/Procesador_3/IM.vhd 2017/04/22.19:23:08 P.20131013
FL C:/Users/Daniel/Desktop/Procesador_4/Procesador_4/ALU.vhd 2017/05/06.19:31:57 P.20131013
EN work/ALU 1494117173 \
      FL C:/Users/Daniel/Desktop/Procesador_4/Procesador_4/ALU.vhd \
      PB ieee/std_logic_1164 1381692176 PB ieee/STD_LOGIC_UNSIGNED 1381692179
AR work/ALU/Behavioral 1494117174 \
      FL C:/Users/Daniel/Desktop/Procesador_4/Procesador_4/ALU.vhd EN work/ALU 1494117173
FL C:/Users/Daniel/Desktop/Procesador_4/Procesador_4/IM.vhd 2017/05/06.20:15:55 P.20131013
EN work/IM 1494119761 FL C:/Users/Daniel/Desktop/Procesador_4/Procesador_4/IM.vhd \
      PB ieee/std_logic_1164 1381692176 PB ieee/STD_LOGIC_UNSIGNED 1381692179 \
      PB std/TEXTIO 1381692176
AR work/IM/Behavioral 1494119762 \
      FL C:/Users/Daniel/Desktop/Procesador_4/Procesador_4/IM.vhd EN work/IM 1494119761
FL C:/Users/Daniel/Desktop/Procesador_4/Procesador_4/pSR.vhd 2017/05/06.19:27:57 P.20131013
EN work/pSR 1494116913 \
      FL C:/Users/Daniel/Desktop/Procesador_4/Procesador_4/pSR.vhd \
      PB ieee/std_logic_1164 1381692176
AR work/pSR/Behavioral 1494116914 \
      FL C:/Users/Daniel/Desktop/Procesador_4/Procesador_4/pSR.vhd EN work/pSR 1494116913
FL C:/Users/Daniel/Desktop/Procesador_4/Procesador_4/windows_Manager.vhd 2017/05/06.20:05:09 P.20131013
EN work/windows_Manager 1494119205 \
      FL C:/Users/Daniel/Desktop/Procesador_4/Procesador_4/windows_Manager.vhd \
      PB ieee/std_logic_1164 1381692176 PB ieee/std_logic_arith 1381692177 \
      PB ieee/STD_LOGIC_UNSIGNED 1381692179
AR work/windows_Manager/Behavioral 1494119206 \
      FL C:/Users/Daniel/Desktop/Procesador_4/Procesador_4/windows_Manager.vhd \
      EN work/windows_Manager 1494119205
FL C:/Users/utp.CRIE/Desktop/Procesador_2/Procesador_2/IM.vhd 2017/04/18.15:02:29 P.20131013
FL C:/Users/utp/Desktop/Procesador_2/Procesador_2/ALU.vhd 2017/04/09.22:32:37 P.20131013
FL C:/Users/utp/Desktop/Procesador_2/Procesador_2/IM.vhd 2017/04/18.18:30:03 P.20131013
FL C:/Users/utp/Desktop/Procesador_2/Procesador_2/MUX.vhd 2017/04/09.22:32:22 P.20131013
FL C:/Users/utp/Desktop/Procesador_2/Procesador_2/nPC.vhd 2017/04/18.15:55:40 P.20131013
FL C:/Users/utp/Desktop/Procesador_2/Procesador_2/procesadorUnion.vhd 2017/04/18.16:12:53 P.20131013
FL C:/Users/utp/Desktop/Procesador_2/Procesador_2/RegisterFile.vhd 2017/04/18.18:00:20 P.20131013
FL C:/Users/utp/Desktop/Procesador_2/Procesador_2/SEU.vhd 2017/04/09.22:31:39 P.20131013
FL C:/Users/utp/Desktop/Procesador_2/Procesador_2/Suma.vhd 2017/04/06.19:39:38 P.20131013
FL C:/Users/utp/Desktop/Procesador_2/Procesador_2/UC.vhd 2017/04/06.18:47:01 P.20131013
FL C:/Users/utp/Desktop/Procesador_3/Procesador_3/ALU.vhd 2017/04/22.19:09:30 P.20131013
FL C:/Users/utp/Desktop/Procesador_3/Procesador_3/IM.vhd 2017/04/22.19:23:08 P.20131013
FL C:/Users/utp/Desktop/Procesador_3/Procesador_3/modifierPSR.vhd 2017/05/02.18:40:15 P.20131013
FL C:/Users/utp/Desktop/Procesador_3/Procesador_3/MUX.vhd 2017/04/22.19:08:51 P.20131013
FL C:/Users/utp/Desktop/Procesador_3/Procesador_3/nPC.vhd 2017/04/22.19:05:01 P.20131013
FL C:/Users/utp/Desktop/Procesador_3/Procesador_3/procesadorUnion.vhd 2017/04/22.19:04:10 P.20131013
FL C:/Users/utp/Desktop/Procesador_3/Procesador_3/pSR.vhd 2017/04/22.19:08:31 P.20131013
FL C:/Users/utp/Desktop/Procesador_3/Procesador_3/RegisterFile.vhd 2017/04/22.19:06:26 P.20131013
FL C:/Users/utp/Desktop/Procesador_3/Procesador_3/SEU.vhd 2017/04/22.19:06:46 P.20131013
FL C:/Users/utp/Desktop/Procesador_3/Procesador_3/Suma.vhd 2017/04/22.19:04:35 P.20131013
FL C:/Users/utp/Desktop/Procesador_3/Procesador_3/UC.vhd 2017/04/22.19:06:09 P.20131013
FL C:/Users/utp/Desktop/Procesador_3/Procesador_3/windowsManager.vhd 2017/05/02.18:52:02 P.20131013
EN work/windowsManager 0 \
      FL C:/Users/utp/Desktop/Procesador_3/Procesador_3/windowsManager.vhd \
      PB ieee/std_logic_1164 1381692176
AR work/windowsManager/Behavioral 0 \
      FL C:/Users/utp/Desktop/Procesador_3/Procesador_3/windowsManager.vhd \
      EN work/windowsManager 0
FL C:/Users/utp/Desktop/Procesador_4/Procesador_4/ALU.vhd 2017/04/22.19:09:30 P.20131013
FL C:/Users/utp/Desktop/Procesador_4/Procesador_4/IM.vhd 2017/04/22.19:23:08 P.20131013
FL C:/Users/utp/Desktop/Procesador_4/Procesador_4/modifierPSR.vhd 2017/05/02.18:40:15 P.20131013
FL C:/Users/utp/Desktop/Procesador_4/Procesador_4/MUX.vhd 2017/04/22.19:08:51 P.20131013
FL C:/Users/utp/Desktop/Procesador_4/Procesador_4/nPC.vhd 2017/04/22.19:05:01 P.20131013
FL C:/Users/utp/Desktop/Procesador_4/Procesador_4/procesadorUnion.vhd 2017/04/22.19:04:10 P.20131013
FL C:/Users/utp/Desktop/Procesador_4/Procesador_4/pSR.vhd 2017/05/02.19:23:44 P.20131013
FL C:/Users/utp/Desktop/Procesador_4/Procesador_4/RegisterFile.vhd 2017/05/02.19:33:59 P.20131013
FL C:/Users/utp/Desktop/Procesador_4/Procesador_4/SEU.vhd 2017/04/22.19:06:46 P.20131013
FL C:/Users/utp/Desktop/Procesador_4/Procesador_4/Suma.vhd 2017/04/22.19:04:35 P.20131013
FL C:/Users/utp/Desktop/Procesador_4/Procesador_4/UC.vhd 2017/05/02.19:33:59 P.20131013
FL C:/Users/utp/Desktop/Procesador_4/Procesador_4/windowsManager.vhd 2017/05/02.19:45:57 P.20131013
FL C:/Users/utp/Documents/Procesador_4/Procesador_4/ALU.vhd 2017/05/04.19:51:52 P.20131013
FL C:/Users/utp/Documents/Procesador_4/Procesador_4/IM.vhd 2017/05/04.19:52:14 P.20131013
FL C:/Users/utp/Documents/Procesador_4/Procesador_4/modifierPSR.vhd 2017/05/02.18:40:15 P.20131013
EN work/modifierPSR 1493943433 \
      FL C:/Users/utp/Documents/Procesador_4/Procesador_4/modifierPSR.vhd \
      PB ieee/std_logic_1164 1381692176 PB ieee/NUMERIC_STD 1381692181 \
      PB ieee/STD_LOGIC_UNSIGNED 1381692179 PB std/TEXTIO 1381692176
AR work/modifierPSR/Behavioral 1493943434 \
      FL C:/Users/utp/Documents/Procesador_4/Procesador_4/modifierPSR.vhd \
      EN work/modifierPSR 1493943433
FL C:/Users/utp/Documents/Procesador_4/Procesador_4/MUX.vhd 2017/04/22.19:08:51 P.20131013
EN work/MUX 1493943437 \
      FL C:/Users/utp/Documents/Procesador_4/Procesador_4/MUX.vhd \
      PB ieee/std_logic_1164 1381692176
AR work/MUX/Behavioral 1493943438 \
      FL C:/Users/utp/Documents/Procesador_4/Procesador_4/MUX.vhd EN work/MUX 1493943437
FL C:/Users/utp/Documents/Procesador_4/Procesador_4/nPC.vhd 2017/04/22.19:05:01 P.20131013
EN work/nPC 1493943421 \
      FL C:/Users/utp/Documents/Procesador_4/Procesador_4/nPC.vhd \
      PB ieee/std_logic_1164 1381692176
AR work/nPC/Behavioral 1493943422 \
      FL C:/Users/utp/Documents/Procesador_4/Procesador_4/nPC.vhd EN work/nPC 1493943421
FL C:/Users/utp/Documents/Procesador_4/Procesador_4/procesadorUnion.vhd 2017/05/04.19:13:47 P.20131013
EN work/procesadorUnion 1493943441 \
      FL C:/Users/utp/Documents/Procesador_4/Procesador_4/procesadorUnion.vhd \
      PB ieee/std_logic_1164 1381692176
AR work/procesadorUnion/Behavioral 1493943442 \
      FL C:/Users/utp/Documents/Procesador_4/Procesador_4/procesadorUnion.vhd \
      EN work/procesadorUnion 1493943441 CP sumador CP nPC CP iM CP windows_Manager \
      CP uC CP registerFile CP sEU CP modifierPSR CP pSR CP mUX CP aLU
FL C:/Users/utp/Documents/Procesador_4/Procesador_4/pSR.vhd 2017/05/02.19:23:44 P.20131013
FL C:/Users/utp/Documents/Procesador_4/Procesador_4/RegisterFile.vhd 2017/05/02.19:33:59 P.20131013
EN work/RegisterFile 1493943429 \
      FL C:/Users/utp/Documents/Procesador_4/Procesador_4/RegisterFile.vhd \
      PB ieee/std_logic_1164 1381692176 PB ieee/STD_LOGIC_UNSIGNED 1381692179
AR work/RegisterFile/Behavioral 1493943430 \
      FL C:/Users/utp/Documents/Procesador_4/Procesador_4/RegisterFile.vhd \
      EN work/RegisterFile 1493943429
FL C:/Users/utp/Documents/Procesador_4/Procesador_4/SEU.vhd 2017/04/22.19:06:46 P.20131013
EN work/SEU 1493943431 \
      FL C:/Users/utp/Documents/Procesador_4/Procesador_4/SEU.vhd \
      PB ieee/std_logic_1164 1381692176
AR work/SEU/Behavioral 1493943432 \
      FL C:/Users/utp/Documents/Procesador_4/Procesador_4/SEU.vhd EN work/SEU 1493943431
FL C:/Users/utp/Documents/Procesador_4/Procesador_4/Suma.vhd 2017/04/22.19:04:35 P.20131013
EN work/sumador 1493943419 \
      FL C:/Users/utp/Documents/Procesador_4/Procesador_4/Suma.vhd \
      PB ieee/std_logic_1164 1381692176 PB ieee/STD_LOGIC_UNSIGNED 1381692179
AR work/sumador/Behavioral 1493943420 \
      FL C:/Users/utp/Documents/Procesador_4/Procesador_4/Suma.vhd \
      EN work/sumador 1493943419
FL C:/Users/utp/Documents/Procesador_4/Procesador_4/UC.vhd 2017/05/02.19:33:59 P.20131013
EN work/UC 1493943427 FL C:/Users/utp/Documents/Procesador_4/Procesador_4/UC.vhd \
      PB ieee/std_logic_1164 1381692176 PB ieee/STD_LOGIC_UNSIGNED 1381692179
AR work/UC/Behavioral 1493943428 \
      FL C:/Users/utp/Documents/Procesador_4/Procesador_4/UC.vhd EN work/UC 1493943427
FL C:/Users/utp/Documents/Procesador_4/Procesador_4/windows_Manager.vhd 2017/05/04.18:49:22 P.20131013
