AR mux behavioral C:/Users/Daniel/Desktop/Procesador_3/Procesador_2/MUX.vhd sub00/vhpl08 1492905808
EN psr NULL C:/Users/Daniel/Desktop/Procesador_3/Procesador_2/pSR.vhd sub00/vhpl20 1492905805
EN seu NULL C:/Users/Daniel/Desktop/Procesador_3/Procesador_2/SEU.vhd sub00/vhpl11 1492905801
AR procesadorunion behavioral C:/Users/Daniel/Desktop/Procesador_3/Procesador_2/procesadorUnion.vhd sub00/vhpl19 1492905812
AR im behavioral C:/Users/Daniel/Desktop/Procesador_3/Procesador_3/IM.vhd sub00/vhpl15 1492906998
EN procesadorunion NULL C:/Users/Daniel/Desktop/Procesador_3/Procesador_2/procesadorUnion.vhd sub00/vhpl18 1492905811
AR npc behavioral C:/Users/Daniel/Desktop/Procesador_3/Procesador_2/nPC.vhd sub00/vhpl01 1492905794
EN im NULL C:/Users/Daniel/Desktop/Procesador_3/Procesador_3/IM.vhd sub00/vhpl02 1492906997
AR seu behavioral C:/Users/Daniel/Desktop/Procesador_3/Procesador_2/SEU.vhd sub00/vhpl12 1492905802
AR suma behavioral C:/Users/utp/Desktop/Procesador_2/Procesador_2/Suma.vhd sub00/vhpl06 1491513577
AR sumador behavioral C:/Users/Daniel/Desktop/Procesador_3/Procesador_2/Suma.vhd sub00/vhpl17 1492905792
AR modifier_psr behavioral C:/Users/Daniel/Desktop/Procesador_3/Procesador_2/modifier_PSR.vhd sub00/vhpl23 1492903703
EN modifierpsr NULL C:/Users/Daniel/Desktop/Procesador_3/Procesador_2/modifierPSR.vhd sub00/vhpl24 1492905803
AR uc behavioral C:/Users/Daniel/Desktop/Procesador_3/Procesador_2/UC.vhd sub00/vhpl10 1492905798
EN uc NULL C:/Users/Daniel/Desktop/Procesador_3/Procesador_2/UC.vhd sub00/vhpl09 1492905797
AR psr behavioral C:/Users/Daniel/Desktop/Procesador_3/Procesador_2/pSR.vhd sub00/vhpl21 1492905806
AR modifierpsr behavioral C:/Users/Daniel/Desktop/Procesador_3/Procesador_2/modifierPSR.vhd sub00/vhpl25 1492905804
EN npc NULL C:/Users/Daniel/Desktop/Procesador_3/Procesador_2/nPC.vhd sub00/vhpl00 1492905793
EN mux NULL C:/Users/Daniel/Desktop/Procesador_3/Procesador_2/MUX.vhd sub00/vhpl07 1492905807
AR registerfile behavioral C:/Users/Daniel/Desktop/Procesador_3/Procesador_2/RegisterFile.vhd sub00/vhpl04 1492905800
AR alu behavioral C:/Users/Daniel/Desktop/Procesador_3/Procesador_2/ALU.vhd sub00/vhpl14 1492905810
EN sumador NULL C:/Users/Daniel/Desktop/Procesador_3/Procesador_2/Suma.vhd sub00/vhpl16 1492905791
EN modifier_psr NULL C:/Users/Daniel/Desktop/Procesador_3/Procesador_2/modifier_PSR.vhd sub00/vhpl22 1492903702
EN suma NULL C:/Users/utp/Desktop/Procesador_2/Procesador_2/Suma.vhd sub00/vhpl05 1491513576
EN registerfile NULL C:/Users/Daniel/Desktop/Procesador_3/Procesador_2/RegisterFile.vhd sub00/vhpl03 1492905799
EN alu NULL C:/Users/Daniel/Desktop/Procesador_3/Procesador_2/ALU.vhd sub00/vhpl13 1492905809
