AR mux behavioral C:/Users/Daniel/Documents/GitHub/Arquitectura-de-computadores/Procesador3/Procesador_3/Procesador_3/MUX.vhd sub00/vhpl08 1493239473
EN psr NULL C:/Users/Daniel/Documents/GitHub/Arquitectura-de-computadores/Procesador3/Procesador_3/Procesador_3/pSR.vhd sub00/vhpl20 1493239470
EN seu NULL C:/Users/Daniel/Documents/GitHub/Arquitectura-de-computadores/Procesador3/Procesador_3/Procesador_3/SEU.vhd sub00/vhpl11 1493239466
AR procesadorunion behavioral C:/Users/Daniel/Documents/GitHub/Arquitectura-de-computadores/Procesador3/Procesador_3/Procesador_3/procesadorUnion.vhd sub00/vhpl19 1493239477
AR im behavioral C:/Users/Daniel/Documents/GitHub/Arquitectura-de-computadores/Procesador3/Procesador_3/Procesador_3/IM.vhd sub00/vhpl15 1493239461
EN procesadorunion NULL C:/Users/Daniel/Documents/GitHub/Arquitectura-de-computadores/Procesador3/Procesador_3/Procesador_3/procesadorUnion.vhd sub00/vhpl18 1493239476
AR npc behavioral C:/Users/Daniel/Documents/GitHub/Arquitectura-de-computadores/Procesador3/Procesador_3/Procesador_3/nPC.vhd sub00/vhpl01 1493239459
EN im NULL C:/Users/Daniel/Documents/GitHub/Arquitectura-de-computadores/Procesador3/Procesador_3/Procesador_3/IM.vhd sub00/vhpl02 1493239460
AR seu behavioral C:/Users/Daniel/Documents/GitHub/Arquitectura-de-computadores/Procesador3/Procesador_3/Procesador_3/SEU.vhd sub00/vhpl12 1493239467
AR suma behavioral C:/Users/utp/Desktop/Procesador_2/Procesador_2/Suma.vhd sub00/vhpl06 1491513577
AR sumador behavioral C:/Users/Daniel/Documents/GitHub/Arquitectura-de-computadores/Procesador3/Procesador_3/Procesador_3/Suma.vhd sub00/vhpl17 1493239457
AR modifier_psr behavioral C:/Users/Daniel/Desktop/Procesador_3/Procesador_2/modifier_PSR.vhd sub00/vhpl23 1492903703
EN modifierpsr NULL C:/Users/Daniel/Documents/GitHub/Arquitectura-de-computadores/Procesador3/Procesador_3/Procesador_3/modifierPSR.vhd sub00/vhpl24 1493239468
AR uc behavioral C:/Users/Daniel/Documents/GitHub/Arquitectura-de-computadores/Procesador3/Procesador_3/Procesador_3/UC.vhd sub00/vhpl10 1493239463
EN uc NULL C:/Users/Daniel/Documents/GitHub/Arquitectura-de-computadores/Procesador3/Procesador_3/Procesador_3/UC.vhd sub00/vhpl09 1493239462
AR psr behavioral C:/Users/Daniel/Documents/GitHub/Arquitectura-de-computadores/Procesador3/Procesador_3/Procesador_3/pSR.vhd sub00/vhpl21 1493239471
AR modifierpsr behavioral C:/Users/Daniel/Documents/GitHub/Arquitectura-de-computadores/Procesador3/Procesador_3/Procesador_3/modifierPSR.vhd sub00/vhpl25 1493239469
EN npc NULL C:/Users/Daniel/Documents/GitHub/Arquitectura-de-computadores/Procesador3/Procesador_3/Procesador_3/nPC.vhd sub00/vhpl00 1493239458
EN mux NULL C:/Users/Daniel/Documents/GitHub/Arquitectura-de-computadores/Procesador3/Procesador_3/Procesador_3/MUX.vhd sub00/vhpl07 1493239472
AR registerfile behavioral C:/Users/Daniel/Documents/GitHub/Arquitectura-de-computadores/Procesador3/Procesador_3/Procesador_3/RegisterFile.vhd sub00/vhpl04 1493239465
AR alu behavioral C:/Users/Daniel/Documents/GitHub/Arquitectura-de-computadores/Procesador3/Procesador_3/Procesador_3/ALU.vhd sub00/vhpl14 1493239475
EN sumador NULL C:/Users/Daniel/Documents/GitHub/Arquitectura-de-computadores/Procesador3/Procesador_3/Procesador_3/Suma.vhd sub00/vhpl16 1493239456
EN modifier_psr NULL C:/Users/Daniel/Desktop/Procesador_3/Procesador_2/modifier_PSR.vhd sub00/vhpl22 1492903702
EN suma NULL C:/Users/utp/Desktop/Procesador_2/Procesador_2/Suma.vhd sub00/vhpl05 1491513576
EN registerfile NULL C:/Users/Daniel/Documents/GitHub/Arquitectura-de-computadores/Procesador3/Procesador_3/Procesador_3/RegisterFile.vhd sub00/vhpl03 1493239464
EN alu NULL C:/Users/Daniel/Documents/GitHub/Arquitectura-de-computadores/Procesador3/Procesador_3/Procesador_3/ALU.vhd sub00/vhpl13 1493239474
