AR mux behavioral C:/Users/Daniel/Documents/GitHub/Arquitectura-de-computadores/Procesador3/Procesador_3/Procesador_3/MUX.vhd sub00/vhpl08 1493081555
EN psr NULL C:/Users/Daniel/Documents/GitHub/Arquitectura-de-computadores/Procesador3/Procesador_3/Procesador_3/pSR.vhd sub00/vhpl20 1493081552
EN seu NULL C:/Users/Daniel/Documents/GitHub/Arquitectura-de-computadores/Procesador3/Procesador_3/Procesador_3/SEU.vhd sub00/vhpl11 1493081548
AR procesadorunion behavioral C:/Users/Daniel/Documents/GitHub/Arquitectura-de-computadores/Procesador3/Procesador_3/Procesador_3/procesadorUnion.vhd sub00/vhpl19 1493081559
AR im behavioral C:/Users/Daniel/Documents/GitHub/Arquitectura-de-computadores/Procesador3/Procesador_3/Procesador_3/IM.vhd sub00/vhpl15 1493084843
EN procesadorunion NULL C:/Users/Daniel/Documents/GitHub/Arquitectura-de-computadores/Procesador3/Procesador_3/Procesador_3/procesadorUnion.vhd sub00/vhpl18 1493081558
AR npc behavioral C:/Users/Daniel/Documents/GitHub/Arquitectura-de-computadores/Procesador3/Procesador_3/Procesador_3/nPC.vhd sub00/vhpl01 1493081541
EN im NULL C:/Users/Daniel/Documents/GitHub/Arquitectura-de-computadores/Procesador3/Procesador_3/Procesador_3/IM.vhd sub00/vhpl02 1493084842
AR seu behavioral C:/Users/Daniel/Documents/GitHub/Arquitectura-de-computadores/Procesador3/Procesador_3/Procesador_3/SEU.vhd sub00/vhpl12 1493081549
AR suma behavioral C:/Users/utp/Desktop/Procesador_2/Procesador_2/Suma.vhd sub00/vhpl06 1491513577
AR sumador behavioral C:/Users/Daniel/Documents/GitHub/Arquitectura-de-computadores/Procesador3/Procesador_3/Procesador_3/Suma.vhd sub00/vhpl17 1493081539
AR modifier_psr behavioral C:/Users/Daniel/Desktop/Procesador_3/Procesador_2/modifier_PSR.vhd sub00/vhpl23 1492903703
EN modifierpsr NULL C:/Users/Daniel/Documents/GitHub/Arquitectura-de-computadores/Procesador3/Procesador_3/Procesador_3/modifierPSR.vhd sub00/vhpl24 1493081550
AR uc behavioral C:/Users/Daniel/Documents/GitHub/Arquitectura-de-computadores/Procesador3/Procesador_3/Procesador_3/UC.vhd sub00/vhpl10 1493081545
EN uc NULL C:/Users/Daniel/Documents/GitHub/Arquitectura-de-computadores/Procesador3/Procesador_3/Procesador_3/UC.vhd sub00/vhpl09 1493081544
AR psr behavioral C:/Users/Daniel/Documents/GitHub/Arquitectura-de-computadores/Procesador3/Procesador_3/Procesador_3/pSR.vhd sub00/vhpl21 1493081553
AR modifierpsr behavioral C:/Users/Daniel/Documents/GitHub/Arquitectura-de-computadores/Procesador3/Procesador_3/Procesador_3/modifierPSR.vhd sub00/vhpl25 1493081551
EN npc NULL C:/Users/Daniel/Documents/GitHub/Arquitectura-de-computadores/Procesador3/Procesador_3/Procesador_3/nPC.vhd sub00/vhpl00 1493081540
EN mux NULL C:/Users/Daniel/Documents/GitHub/Arquitectura-de-computadores/Procesador3/Procesador_3/Procesador_3/MUX.vhd sub00/vhpl07 1493081554
AR registerfile behavioral C:/Users/Daniel/Documents/GitHub/Arquitectura-de-computadores/Procesador3/Procesador_3/Procesador_3/RegisterFile.vhd sub00/vhpl04 1493081547
AR alu behavioral C:/Users/Daniel/Documents/GitHub/Arquitectura-de-computadores/Procesador3/Procesador_3/Procesador_3/ALU.vhd sub00/vhpl14 1493081557
EN sumador NULL C:/Users/Daniel/Documents/GitHub/Arquitectura-de-computadores/Procesador3/Procesador_3/Procesador_3/Suma.vhd sub00/vhpl16 1493081538
EN modifier_psr NULL C:/Users/Daniel/Desktop/Procesador_3/Procesador_2/modifier_PSR.vhd sub00/vhpl22 1492903702
EN suma NULL C:/Users/utp/Desktop/Procesador_2/Procesador_2/Suma.vhd sub00/vhpl05 1491513576
EN registerfile NULL C:/Users/Daniel/Documents/GitHub/Arquitectura-de-computadores/Procesador3/Procesador_3/Procesador_3/RegisterFile.vhd sub00/vhpl03 1493081546
EN alu NULL C:/Users/Daniel/Documents/GitHub/Arquitectura-de-computadores/Procesador3/Procesador_3/Procesador_3/ALU.vhd sub00/vhpl13 1493081556
