AR mux behavioral C:/Users/Daniel/Desktop/Procesador_2/Procesador_2/MUX.vhd sub00/vhpl08 1492374593
EN seu NULL C:/Users/Daniel/Desktop/Procesador_2/Procesador_2/SEU.vhd sub00/vhpl11 1492374401
AR im behavioral C:/Users/Daniel/Desktop/Procesador_2/Procesador_2/IM.vhd sub00/vhpl15 1492374631
AR npc behavioral C:/Users/Daniel/Desktop/Procesador_2/Procesador_2/nPC.vhd sub00/vhpl01 1492374542
EN im NULL C:/Users/Daniel/Desktop/Procesador_2/Procesador_2/IM.vhd sub00/vhpl02 1492374630
AR seu behavioral C:/Users/Daniel/Desktop/Procesador_2/Procesador_2/SEU.vhd sub00/vhpl12 1492374402
AR suma behavioral C:/Users/utp/Desktop/Procesador_2/Procesador_2/Suma.vhd sub00/vhpl06 1491513577
AR sumador behavioral C:/Users/Daniel/Desktop/Procesador_2/Procesador_2/Suma.vhd sub00/vhpl17 1492374366
AR uc behavioral C:/Users/Daniel/Desktop/Procesador_2/Procesador_2/UC.vhd sub00/vhpl10 1491795957
EN uc NULL C:/Users/Daniel/Desktop/Procesador_2/Procesador_2/UC.vhd sub00/vhpl09 1491795956
EN npc NULL C:/Users/Daniel/Desktop/Procesador_2/Procesador_2/nPC.vhd sub00/vhpl00 1492374541
EN mux NULL C:/Users/Daniel/Desktop/Procesador_2/Procesador_2/MUX.vhd sub00/vhpl07 1492374592
AR registerfile behavioral C:/Users/Daniel/Desktop/Procesador_2/Procesador_2/RegisterFile.vhd sub00/vhpl04 1492374460
AR alu behavioral C:/Users/Daniel/Desktop/Procesador_2/Procesador_2/ALU.vhd sub00/vhpl14 1492374666
EN sumador NULL C:/Users/Daniel/Desktop/Procesador_2/Procesador_2/Suma.vhd sub00/vhpl16 1492374365
EN suma NULL C:/Users/utp/Desktop/Procesador_2/Procesador_2/Suma.vhd sub00/vhpl05 1491513576
EN registerfile NULL C:/Users/Daniel/Desktop/Procesador_2/Procesador_2/RegisterFile.vhd sub00/vhpl03 1492374459
EN alu NULL C:/Users/Daniel/Desktop/Procesador_2/Procesador_2/ALU.vhd sub00/vhpl13 1492374665
