AR mux behavioral C:/Users/utp/Desktop/Procesador_2/Procesador_2/MUX.vhd sub00/vhpl08 1492556450
EN seu NULL C:/Users/utp/Desktop/Procesador_2/Procesador_2/SEU.vhd sub00/vhpl11 1492556447
AR procesadorunion behavioral C:/Users/utp/Desktop/Procesador_2/Procesador_2/procesadorUnion.vhd sub00/vhpl19 1492556454
AR im behavioral C:/Users/utp/Desktop/Procesador_2/Procesador_2/IM.vhd sub00/vhpl15 1492560254
EN procesadorunion NULL C:/Users/utp/Desktop/Procesador_2/Procesador_2/procesadorUnion.vhd sub00/vhpl18 1492556453
AR npc behavioral C:/Users/utp/Desktop/Procesador_2/Procesador_2/nPC.vhd sub00/vhpl01 1492556440
EN im NULL C:/Users/utp/Desktop/Procesador_2/Procesador_2/IM.vhd sub00/vhpl02 1492560253
AR seu behavioral C:/Users/utp/Desktop/Procesador_2/Procesador_2/SEU.vhd sub00/vhpl12 1492556448
AR suma behavioral C:/Users/utp/Desktop/Procesador_2/Procesador_2/Suma.vhd sub00/vhpl06 1491513577
AR sumador behavioral C:/Users/utp/Desktop/Procesador_2/Procesador_2/Suma.vhd sub00/vhpl17 1492556438
AR uc behavioral C:/Users/utp/Desktop/Procesador_2/Procesador_2/UC.vhd sub00/vhpl10 1492556444
EN uc NULL C:/Users/utp/Desktop/Procesador_2/Procesador_2/UC.vhd sub00/vhpl09 1492556443
EN npc NULL C:/Users/utp/Desktop/Procesador_2/Procesador_2/nPC.vhd sub00/vhpl00 1492556439
EN mux NULL C:/Users/utp/Desktop/Procesador_2/Procesador_2/MUX.vhd sub00/vhpl07 1492556449
AR registerfile behavioral C:/Users/utp/Desktop/Procesador_2/Procesador_2/RegisterFile.vhd sub00/vhpl04 1492556446
AR alu behavioral C:/Users/utp/Desktop/Procesador_2/Procesador_2/ALU.vhd sub00/vhpl14 1492556452
EN sumador NULL C:/Users/utp/Desktop/Procesador_2/Procesador_2/Suma.vhd sub00/vhpl16 1492556437
EN suma NULL C:/Users/utp/Desktop/Procesador_2/Procesador_2/Suma.vhd sub00/vhpl05 1491513576
EN registerfile NULL C:/Users/utp/Desktop/Procesador_2/Procesador_2/RegisterFile.vhd sub00/vhpl03 1492556445
EN alu NULL C:/Users/utp/Desktop/Procesador_2/Procesador_2/ALU.vhd sub00/vhpl13 1492556451
