AR mux behavioral C:/Users/Daniel/Documents/GitHub/Arquitectura-de-computadores/Procesador_2/Procesador_2/MUX.vhd sub00/vhpl08 1491855528
EN seu NULL C:/Users/Daniel/Documents/GitHub/Arquitectura-de-computadores/Procesador_2/Procesador_2/SEU.vhd sub00/vhpl11 1491855525
AR procesadorunion behavioral C:/Users/Daniel/Documents/GitHub/Arquitectura-de-computadores/Procesador_2/Procesador_2/procesadorUnion.vhd sub00/vhpl19 1491855532
AR im behavioral C:/Users/Daniel/Documents/GitHub/Arquitectura-de-computadores/Procesador_2/Procesador_2/IM.vhd sub00/vhpl15 1491855520
EN procesadorunion NULL C:/Users/Daniel/Documents/GitHub/Arquitectura-de-computadores/Procesador_2/Procesador_2/procesadorUnion.vhd sub00/vhpl18 1491855531
AR npc behavioral C:/Users/Daniel/Documents/GitHub/Arquitectura-de-computadores/Procesador_2/Procesador_2/nPC.vhd sub00/vhpl01 1491855518
EN im NULL C:/Users/Daniel/Documents/GitHub/Arquitectura-de-computadores/Procesador_2/Procesador_2/IM.vhd sub00/vhpl02 1491855519
AR seu behavioral C:/Users/Daniel/Documents/GitHub/Arquitectura-de-computadores/Procesador_2/Procesador_2/SEU.vhd sub00/vhpl12 1491855526
AR suma behavioral C:/Users/utp/Desktop/Procesador_2/Procesador_2/Suma.vhd sub00/vhpl06 1491513577
AR sumador behavioral C:/Users/Daniel/Documents/GitHub/Arquitectura-de-computadores/Procesador_2/Procesador_2/Suma.vhd sub00/vhpl17 1491855516
AR uc behavioral C:/Users/Daniel/Documents/GitHub/Arquitectura-de-computadores/Procesador_2/Procesador_2/UC.vhd sub00/vhpl10 1491855522
EN uc NULL C:/Users/Daniel/Documents/GitHub/Arquitectura-de-computadores/Procesador_2/Procesador_2/UC.vhd sub00/vhpl09 1491855521
EN npc NULL C:/Users/Daniel/Documents/GitHub/Arquitectura-de-computadores/Procesador_2/Procesador_2/nPC.vhd sub00/vhpl00 1491855517
EN mux NULL C:/Users/Daniel/Documents/GitHub/Arquitectura-de-computadores/Procesador_2/Procesador_2/MUX.vhd sub00/vhpl07 1491855527
AR registerfile behavioral C:/Users/Daniel/Documents/GitHub/Arquitectura-de-computadores/Procesador_2/Procesador_2/RegisterFile.vhd sub00/vhpl04 1491855524
AR alu behavioral C:/Users/Daniel/Documents/GitHub/Arquitectura-de-computadores/Procesador_2/Procesador_2/ALU.vhd sub00/vhpl14 1491855530
EN sumador NULL C:/Users/Daniel/Documents/GitHub/Arquitectura-de-computadores/Procesador_2/Procesador_2/Suma.vhd sub00/vhpl16 1491855515
EN suma NULL C:/Users/utp/Desktop/Procesador_2/Procesador_2/Suma.vhd sub00/vhpl05 1491513576
EN registerfile NULL C:/Users/Daniel/Documents/GitHub/Arquitectura-de-computadores/Procesador_2/Procesador_2/RegisterFile.vhd sub00/vhpl03 1491855523
EN alu NULL C:/Users/Daniel/Documents/GitHub/Arquitectura-de-computadores/Procesador_2/Procesador_2/ALU.vhd sub00/vhpl13 1491855529
